Microchip MPLAB XC8 Compiler V2.50

Linker command line:

-W-3 --edf=/opt/microchip/xc8/v2.50/pic/dat/20240725155939_en.msgs -cn \
  -h+dist/default/production/CLCD.X.production.sym \
  --cmf=dist/default/production/CLCD.X.production.cmf -z -Q18F4550 \
  -o/tmp/xcXAfKpaG/driver_tmp_3.o --defsym=__MPLAB_BUILD=1 \
  --fixupoverflow=error -Mdist/default/production/CLCD.X.production.map \
  --md=/tmp/xcXAfKpaG/driver_tmp_0.dat -E1 -ver=XC8 Compiler --acfsm=1493 \
  -ACODE=00h-07FFFh -ACONST=00h-07FFFh -ASMALLCONST=0800h-08FFhx120 \
  -AMEDIUMCONST=0800h-07FFFh -ACOMRAM=01h-05Fh -AABS1=00h-07FFh \
  -ABIGRAM=01h-07FFh -ARAM=060h-0FFh,0100h-01FFhx7 -ABANK0=060h-0FFh \
  -ABANK1=0100h-01FFh -ABANK2=0200h-02FFh -ABANK3=0300h-03FFh \
  -ABANK4=0400h-04FFh -ABANK5=0500h-05FFh -ABANK6=0600h-06FFh \
  -ABANK7=0700h-07FFh -ASFR=0F60h-0FFFh -ABIGSFR=0F60h-0FFFh \
  -ACONFIG=0300000h-030000Dh -AIDLOC=0200000h-0200007h \
  -AEEDATA=0F00000h-0F000FFh -peeprom_data=EEDATA \
  -preset_vec=00h,intcode,sivt_hi,intcodelo,sivt_lo,powerup,init \
  -pramtop=0800h -psmallconst=SMALLCONST -pmediumconst=MEDIUMCONST \
  -pconst=CONST -AFARRAM=00h-00h \
  -prdata=COMRAM,nvrram=COMRAM,nvbit=COMRAM,rbss=COMRAM,rbit=COMRAM \
  -pfarbss=FARRAM,fardata=FARRAM,nvFARRAM=FARRAM \
  -pintsave_regs=BIGRAM,bigbss=BIGRAM,bigdata=BIGRAM -pbss=RAM \
  -pidata=CODE,irdata=CODE,ibigdata=CODE,ifardata=CODE -prparam=COMRAM \
  /tmp/xcXAfKpaG/driver_tmp_9.o dist/default/production/CLCD.X.production.o 

Object code version is 3.11

Machine type is 18F4550



                Name                               Link     Load   Length Selector   Space Scale
/tmp/xcXAfKpaG/driver_tmp_9.o
                config                           300000   300000        E        0       4
                init                                  0        0        4        0       0
dist/default/production/CLCD.X.production.o
                config                           300000   300000        E        0       4
                smallconst                          800      800       20      400       0
                text8                               99E      99E       76      410       0
                text7                               A14      A14       3A      410       0
                text6                               A74      A74       14      410       0
                text5                               820      820      102      410       0
                text4                               AA4      AA4        6      410       0
                text3                               A9C      A9C        8      410       0
                text2                               A92      A92        A      410       0
                text1                               A88      A88        A      410       0
                text0                               922      922       7C      410       0
                cstackCOMRAM                          1        1        5        1       1
                dataCOMRAM                            6        6        2        1       1
                cinit                               A4E      A4E       26      410       0
                idataCOMRAM                         AAA      AAA        2      410       0

TOTAL           Name                               Link     Load   Length     Space
        CLASS   CODE           
                init                                  0        0        4         0
                text8                               99E      99E       76         0
                text7                               A14      A14       3A         0
                text6                               A74      A74       14         0
                text5                               820      820      102         0
                text4                               AA4      AA4        6         0
                text3                               A9C      A9C        8         0
                text2                               A92      A92        A         0
                text1                               A88      A88        A         0
                text0                               922      922       7C         0
                cinit                               A4E      A4E       26         0
                idataCOMRAM                         AAA      AAA        2         0

        CLASS   CONST          

        CLASS   SMALLCONST     
                smallconst                          800      800       20         0

        CLASS   MEDIUMCONST    

        CLASS   COMRAM         
                cstackCOMRAM                          1        1        5         1
                dataCOMRAM                            6        6        2         1

        CLASS   ABS1           

        CLASS   BIGRAM         

        CLASS   RAM            

        CLASS   BANK0          

        CLASS   BANK1          

        CLASS   BANK2          

        CLASS   BANK3          

        CLASS   BANK4          

        CLASS   BANK5          

        CLASS   BANK6          

        CLASS   BANK7          

        CLASS   SFR            

        CLASS   BIGSFR         

        CLASS   CONFIG         
                config                           300000   300000        E         4

        CLASS   IDLOC          

        CLASS   EEDATA         

        CLASS   FARRAM         

        CLASS   HEAP           

        CLASS   STACK          



SEGMENTS        Name                           Load    Length   Top    Selector   Space  Class

                reset_vec                      000000  000004  000004         0       0  CODE    
                cstackCOMRAM                   000001  000007  000008         1       1  COMRAM  
                text5                          000820  00028C  000AAC       410       0  CODE    
                smallconst                     000800  000020  000820       400       0  SMALLCON


UNUSED ADDRESS RANGES

        Name                Unused          Largest block    Delta
        BANK0            000060-0000FF               A0
        BANK1            000100-0001FF              100
        BANK2            000200-0002FF              100
        BANK3            000300-0003FF              100
        BANK4            000400-0004FF              100
        BANK5            000500-0005FF              100
        BANK6            000600-0006FF              100
        BANK7            000700-0007FF              100
        BIGRAM           000008-0007FF              7F8
        BIGSFR           000F60-000FFF               A0
        CODE             000004-0007FF              7FC
                         000AAC-007FFF             7554
        COMRAM           000008-00005F               58
        CONST            000004-0007FF              7FC
                         000AAC-007FFF             7554
        EEDATA           F00000-F000FF              100
        IDLOC            200000-200007                8
        MEDIUMCONST      000AAC-007FFF             7554
        RAM              000060-0007FF              100
        SFR              000F60-000FFF               A0
        SMALLCONST       000AAC-007FFF              100

                                  Symbol Table

_PORTBbits                       (abs)        000F81
_PORTD                           (abs)        000F83
_PORTEbits                       (abs)        000F84
_TRISBbits                       (abs)        000F93
_TRISD                           (abs)        000F95
_TRISEbits                       (abs)        000F96
__HRAM                           (abs)        000000
__H__absolute__                  __absolute__ 000000
__Habs1                          abs1         000000
__Hbank0                         bank0        000000
__Hbank1                         bank1        000000
__Hbank2                         bank2        000000
__Hbank3                         bank3        000000
__Hbank4                         bank4        000000
__Hbank5                         bank5        000000
__Hbank6                         bank6        000000
__Hbank7                         bank7        000000
__Hbigbss                        bigbss       000000
__Hbigdata                       bigdata      000000
__Hbigram                        bigram       000000
__Hbigsfr                        bigsfr       000000
__Hbss                           bss          000000
__Hcinit                         cinit        000000
__Hclrtext                       clrtext      000000
__Hcomram                        comram       000000
__Hconfig                        config       30000E
__Hconst                         const        000000
__HcstackCOMRAM                  cstackCOMRAM 000000
__Hdata                          data         000000
__HdataCOMRAM                    dataCOMRAM   000000
__Heeprom_data                   eeprom_data  000000
__Hfarbss                        farbss       000000
__Hfardata                       fardata      000000
__Hheap                          heap         000000
__Hibigdata                      ibigdata     000000
__Hidata                         idata        000000
__HidataCOMRAM                   idataCOMRAM  000000
__Hidloc                         idloc        000000
__Hifardata                      ifardata     000000
__Hinit                          init         000004
__Hintcode                       intcode      000000
__Hintcode_body                  intcode_body 000000
__Hintcodelo                     intcodelo    000000
__Hintentry                      intentry     000000
__Hintret                        intret       000000
__Hintsave_regs                  intsave_regs 000000
__Hirdata                        irdata       000000
__Hmediumconst                   mediumconst  000000
__HnvFARRAM                      nvFARRAM     000000
__Hnvbit                         nvbit        000000
__Hnvrram                        nvrram       000000
__Hparam                         rparam       000000
__Hpowerup                       powerup      000000
__Hram                           ram          000000
__Hramtop                        ramtop       000800
__Hrbit                          rbit         000000
__Hrbss                          rbss         000000
__Hrdata                         rdata        000000
__Hreset_vec                     reset_vec    000000
__Hrparam                        rparam       000000
__Hsfr                           sfr          000000
__Hsivt_hi                       sivt_hi      000000
__Hsivt_lo                       sivt_lo      000000
__Hsmallconst                    smallconst   000820
__Hspace_0                       (abs)        000AAC
__Hspace_1                       (abs)        000008
__Hspace_2                       (abs)        000000
__Hspace_4                       (abs)        60000E
__Hstack                         stack        000000
__Hstruct                        struct       000000
__Htemp                          temp         000000
__Htext                          text         000000
__Htext0                         text0        000000
__Htext1                         text1        000000
__Htext2                         text2        000000
__Htext3                         text3        000000
__Htext4                         text4        000000
__Htext5                         text5        000000
__Htext6                         text6        000000
__Htext7                         text7        000000
__Htext8                         text8        000000
__LRAM                           (abs)        000001
__L__absolute__                  __absolute__ 000000
__Labs1                          abs1         000000
__Lbank0                         bank0        000000
__Lbank1                         bank1        000000
__Lbank2                         bank2        000000
__Lbank3                         bank3        000000
__Lbank4                         bank4        000000
__Lbank5                         bank5        000000
__Lbank6                         bank6        000000
__Lbank7                         bank7        000000
__Lbigbss                        bigbss       000000
__Lbigdata                       bigdata      000000
__Lbigram                        bigram       000000
__Lbigsfr                        bigsfr       000000
__Lbss                           bss          000000
__Lcinit                         cinit        000000
__Lclrtext                       clrtext      000000
__Lcomram                        comram       000000
__Lconfig                        config       000000
__Lconst                         const        000000
__LcstackCOMRAM                  cstackCOMRAM 000000
__Ldata                          data         000000
__LdataCOMRAM                    dataCOMRAM   000000
__Leeprom_data                   eeprom_data  000000
__Lfarbss                        farbss       000000
__Lfardata                       fardata      000000
__Lheap                          heap         000000
__Libigdata                      ibigdata     000000
__Lidata                         idata        000000
__LidataCOMRAM                   idataCOMRAM  000000
__Lidloc                         idloc        000000
__Lifardata                      ifardata     000000
__Linit                          init         000000
__Lintcode                       intcode      000000
__Lintcode_body                  intcode_body 000000
__Lintcodelo                     intcodelo    000000
__Lintentry                      intentry     000000
__Lintret                        intret       000000
__Lintsave_regs                  intsave_regs 000000
__Lirdata                        irdata       000000
__Lmediumconst                   mediumconst  000000
__LnvFARRAM                      nvFARRAM     000000
__Lnvbit                         nvbit        000000
__Lnvrram                        nvrram       000000
__Lparam                         rparam       000000
__Lpowerup                       powerup      000000
__Lram                           ram          000000
__Lramtop                        ramtop       000800
__Lrbit                          rbit         000000
__Lrbss                          rbss         000000
__Lrdata                         rdata        000000
__Lreset_vec                     reset_vec    000000
__Lrparam                        rparam       000000
__Lsfr                           sfr          000000
__Lsivt_hi                       sivt_hi      000000
__Lsivt_lo                       sivt_lo      000000
__Lsmallconst                    smallconst   000800
__Lspace_0                       (abs)        000000
__Lspace_1                       (abs)        000000
__Lspace_2                       (abs)        000000
__Lspace_4                       (abs)        000000
__Lstack                         stack        000000
__Lstruct                        struct       000000
__Ltemp                          temp         000000
__Ltext                          text         000000
__Ltext0                         text0        000000
__Ltext1                         text1        000000
__Ltext2                         text2        000000
__Ltext3                         text3        000000
__Ltext4                         text4        000000
__Ltext5                         text5        000000
__Ltext6                         text6        000000
__Ltext7                         text7        000000
__Ltext8                         text8        000000
__S0                             (abs)        000AAC
__S1                             (abs)        000008
__S4                             (abs)        000000
__S5                             (abs)        000000
___heap_hi                       (abs)        000000
___heap_lo                       (abs)        000000
___inthi_sp                      stack        000000
___inthi_stack_hi                stack        000000
___inthi_stack_lo                stack        000000
___intlo_sp                      stack        000000
___intlo_stack_hi                stack        000000
___intlo_stack_lo                stack        000000
___param_bank                    (abs)        000000
___rparam_used                   (abs)        000001
___sp                            stack        000000
___stack_hi                      stack        000000
___stack_lo                      stack        000000
__accesstop                      (abs)        000060
__activetblptr                   (abs)        000001
__end_of__initialization         cinit        000A66
__end_of_clcd_4_bit_mode         text6        000A88
__end_of_clcd_print              text7        000A4E
__end_of_clcd_write              text8        000A14
__end_of_display_controller      text4        000AAA
__end_of_init_clcd               text3        000AA4
__end_of_init_config             text1        000A92
__end_of_init_display_controller text5        000922
__end_of_init_switch             text2        000A9C
__end_of_main                    text0        00099E
__initialization                 cinit        000A4E
__mediumconst                    mediumconst  000000
__pcinit                         cinit        000A4E
__pcstackCOMRAM                  cstackCOMRAM 000001
__pdataCOMRAM                    dataCOMRAM   000006
__pidataCOMRAM                   idataCOMRAM  000AAA
__psmallconst                    smallconst   000800
__ptext0                         text0        000922
__ptext1                         text1        000A88
__ptext2                         text2        000A92
__ptext3                         text3        000A9C
__ptext4                         text4        000AA4
__ptext5                         text5        000820
__ptext6                         text6        000A74
__ptext7                         text7        000A14
__ptext8                         text8        00099E
__ramtop                         ramtop       000800
__smallconst                     smallconst   000800
_bit_mode                        dataCOMRAM   000006
_clcd_4_bit_mode                 text6        000A74
_clcd_print                      text7        000A14
_clcd_write                      text8        00099E
_display_controller              text4        000AA4
_init_clcd                       text3        000A9C
_init_config                     text1        000A88
_init_display_controller         text5        000820
_init_switch                     text2        000A92
_main                            text0        000922
clcd_print@addr                  cstackCOMRAM 000005
clcd_print@str                   cstackCOMRAM 000004
clcd_write@byte                  cstackCOMRAM 000003
clcd_write@mode                  cstackCOMRAM 000001
end_of_initialization            cinit        000A66
intlevel0                        text         000000
intlevel1                        text         000000
intlevel2                        text         000000
intlevel3                        text         000000
isa$std                          (abs)        000001
isa$xinst                        (abs)        000000
stackhi                          (abs)        000000
stacklo                          (abs)        000000
start                            init         000000
start_initialization             cinit        000A4E


MODULE INFORMATION

Module		Function		Class		Link	Load	Size
switch.c
		_init_switch   		CODE           	0A92	0000	10

switch.c estimated size: 10

shared
		__initialization		CODE           	0A4E	0000	24

shared estimated size: 24

clcd.c
		_clcd_write    		CODE           	099E	0000	118
		_clcd_4_bit_mode		CODE           	0A74	0000	20
		_clcd_print    		CODE           	0A14	0000	58
		_init_display_controller		CODE           	0820	0000	258
		_init_clcd     		CODE           	0A9C	0000	8
		_display_controller		CODE           	0AA4	0000	6

clcd.c estimated size: 468

main.c
		_main          		CODE           	0922	0000	124
		_init_config   		CODE           	0A88	0000	10

main.c estimated size: 134

